cargo :    Compiling app 
v0.1.0 (C:\Users\123\Desktop
\asaf\app)
At line:1 char:9
+ cd app; cargo build > 
build_output.txt 2>&1
+         ~~~~~~~~~~~~~~~~~~
~~~~~~~~~~~~~~~~~
    + CategoryInfo          
    : NotSpecified: (   Co  
  mpiling ap...sktop\asaf   
 \app):String) [], Remot    
eException
    + FullyQualifiedErrorId 
    : NativeCommandError
 
warning: unused import: 
`crate::bank::Bank`
 --> src\costomer.rs:1:5
  |
1 | use crate::bank::Bank; 
// ╫ש╫ש╫ס╫ץ╫נ ╫פ╫₧╫ס╫á╫פ 
Bank
  |     ^^^^^^^^^^^^^^^^^
  |
  = note: 
`#[warn(unused_imports)]` 
(part of `#[warn(unused)]`) 
on by default

warning: unused import: 
`crate::bank::Bank`
 --> src\transaction.rs:1:5
  |
1 | use crate::bank::Bank; 
// ╫ש╫ש╫ס╫ץ╫נ ╫פ╫₧╫ס╫á╫פ 
Bank
  |     ^^^^^^^^^^^^^^^^^

warning: unused import: 
`crate::costomer::Customer`
 --> src\transaction.rs:2:5
  |
2 | use 
crate::costomer::Customer; 
// ╫ש╫ש╫ס╫ץ╫נ ╫פ╫₧╫ס╫á╫פ 
Customer
  |     
^^^^^^^^^^^^^^^^^^^^^^^^^

warning: unused import: 
`crate::acount::Account`
 --> src\transaction.rs:3:5
  |
3 | use 
crate::acount::Account; // 
╫ש╫ש╫ס╫ץ╫נ ╫פ╫₧╫ס╫á╫פ 
Account
  |     
^^^^^^^^^^^^^^^^^^^^^^

error: linker `link.exe` 
not found
  |
  = note: program not found

note: the msvc targets 
depend on the msvc linker 
but `link.exe` was not found

note: please ensure that 
Visual Studio 2017 or 
later, or Build Tools for 
Visual Studio were 
installed with the Visual 
C++ option.

note: VS Code is a 
different product, and is 
not sufficient.

warning: `app` (bin "app") 
generated 4 warnings
error: could not compile 
`app` (bin "app") due to 1 
previous error; 4 warnings 
emitted
